// Jest Snapshot v1, https://goo.gl/fbAQLP

exports[`when the unitSearch component is mounted component should render 1`] = `
<div>
  <div
    class="govuk-form-group"
  >
    <a
      class="govuk-back-link"
      href="/"
    >
      Back
    </a>
    <h1
      class="govuk-heading-xl"
    >
      Units
    </h1>
    <ul>
      <li
        class="govuk-list govuk-list--bullet govuk-list margin-bottom--small"
      >
        Home Office General Property
      </li>
      <li
        class="govuk-list govuk-list--bullet govuk-list margin-bottom--small"
      >
        Home Office General Property
      </li>
    </ul>
  </div>
</div>
`;
