// Jest Snapshot v1, https://goo.gl/fbAQLP

exports[`NominatedContactList when the NominatedContactList component is mounted should render with default props and populate state 1`] = `
<div>
  <div
    class="govuk-grid-row"
  >
    <div
      class="govuk-grid-column-two-thirds-from-desktop"
    >
      <table
        class="govuk-table"
      >
        <caption
          class="govuk-table__caption"
        >
          Nominated contacts:
        </caption>
        <tbody
          class="govuk-table__body"
        >
          <tr
            class="govuk-table__row"
          >
            <th
              class="govuk-table__header"
              scope="row"
            >
              one@example.org
            </th>
            <td
              class="govuk-table__cell"
            >
              <a
                class="govuk-link"
                href="#"
              >
                Remove
                <span
                  class="govuk-visually-hidden"
                >
                   contact
                </span>
              </a>
            </td>
          </tr>
          <tr
            class="govuk-table__row"
          >
            <th
              class="govuk-table__header"
              scope="row"
            >
              two@example.org
            </th>
            <td
              class="govuk-table__cell"
            >
              <a
                class="govuk-link"
                href="#"
              >
                Remove
                <span
                  class="govuk-visually-hidden"
                >
                   contact
                </span>
              </a>
            </td>
          </tr>
          <tr
            class="govuk-table__row"
          >
            <th
              class="govuk-table__header"
              scope="row"
            >
              three@example.org
            </th>
            <td
              class="govuk-table__cell"
            >
              <a
                class="govuk-link"
                href="#"
              >
                Remove
                <span
                  class="govuk-visually-hidden"
                >
                   contact
                </span>
              </a>
            </td>
          </tr>
        </tbody>
      </table>
    </div>
  </div>
</div>
`;

exports[`NominatedContactList when the NominatedContactList component is mounted should set an error if get nominated contacts failed 1`] = `
<div>
  <div
    class="govuk-grid-row"
  >
    <div
      class="govuk-grid-column-two-thirds-from-desktop"
    >
      <table
        class="govuk-table"
      >
        <caption
          class="govuk-table__caption"
        >
          Nominated contacts:
        </caption>
        <tbody
          class="govuk-table__body"
        >
          <tr
            class="govuk-table__row"
          >
            <th
              class="govuk-table__header"
              scope="row"
            >
              one@example.org
            </th>
            <td
              class="govuk-table__cell"
            >
              <a
                class="govuk-link"
                href="#"
              >
                Remove
                <span
                  class="govuk-visually-hidden"
                >
                   contact
                </span>
              </a>
            </td>
          </tr>
          <tr
            class="govuk-table__row"
          >
            <th
              class="govuk-table__header"
              scope="row"
            >
              two@example.org
            </th>
            <td
              class="govuk-table__cell"
            >
              <a
                class="govuk-link"
                href="#"
              >
                Remove
                <span
                  class="govuk-visually-hidden"
                >
                   contact
                </span>
              </a>
            </td>
          </tr>
          <tr
            class="govuk-table__row"
          >
            <th
              class="govuk-table__header"
              scope="row"
            >
              three@example.org
            </th>
            <td
              class="govuk-table__cell"
            >
              <a
                class="govuk-link"
                href="#"
              >
                Remove
                <span
                  class="govuk-visually-hidden"
                >
                   contact
                </span>
              </a>
            </td>
          </tr>
        </tbody>
      </table>
    </div>
  </div>
</div>
`;
